// Vitest Snapshot v1, https://vitest.dev/guide/snapshot.html

exports[`Login Component > should render the Login component correctly 1`] = `
<div
  className="_Login_17c26c relative pt-10"
>
  <div
    className="h-screen flex justify-center items-center"
  >
    <div
      className="bg-black mx-4 p-8 rounded shadow-md w-full md:w-1/2 lg:w-1/3"
    >
      <h1
        className="text-primary font-bold mb-8 text-center"
      >
        Login
      </h1>
      <form
        onSubmit={[Function]}
      >
        <div
          className="mb-4"
        >
          <label
            className="block font-semibold text-primary mb-2"
            htmlFor="username"
          >
            Username
          </label>
          <input
            className="border rounded w-full py-2 px-3 text-gray-700 leading-tight focus:outline-none focus:shadow-outline "
            id="username"
            name="username"
            onChange={[Function]}
            placeholder="Enter your username"
            type="text"
            value=""
          />
        </div>
        <div
          className="mb-4"
        >
          <label
            className="block font-semibold text-primary mb-2"
            htmlFor="password"
          >
            Password
          </label>
          <input
            className="border rounded w-full py-2 px-3 text-gray-700 leading-tight focus:outline-none focus:shadow-outline "
            id="password"
            name="password"
            onChange={[Function]}
            placeholder="Enter your password"
            type="password"
            value=""
          />
        </div>
        <div
          className="mb-6"
        >
          <button
            className="bg-primary hover:bg-black hover:text-primary text-white font-bold py-2 px-4 rounded focus:outline-none focus:shadow-outline"
            type="submit"
          >
            Login
          </button>
        </div>
      </form>
      <h2
        className="mb-2 text-sm pt-2"
      >
        Don't have an account?
         
        <span
          className="text-primary cursor-pointer"
          onClick={[Function]}
        >
          Sign up
        </span>
      </h2>
    </div>
  </div>
</div>
`;
